metrics drill: sandbox=/tmp/hive-metrics-drill.BdldkP

metrics drill: hive-metrics
  PASS  tasks.md written
  PASS  tasks.csv written
  PASS  the artifacts were committed
  PASS  the artifacts reached the upstream
  PASS  the workspace was left clean
  PASS  a no-change re-run says so
  PASS  a no-change re-run adds no commit
  PASS  --no-commit leaves the regenerated artifact uncommitted
  PASS  the follow-up run recorded it after all
  PASS  generated marker present
  PASS  tasks.md ends with a newline
  PASS  tasks.csv ends with a newline
  PASS  alpha row present
  PASS  gamma listed as retired
  PASS  delta (in flight) not measured
  PASS  delta listed as open, not measured
  PASS  alpha launch latency 60s
  PASS  alpha pickup 60s
  PASS  alpha accept->result 3600s
  PASS  alpha result->review 180s
  PASS  alpha result->close 240s
  PASS  alpha 0 questions
  PASS  alpha shape=worked
  PASS  beta blocked 600s
  PASS  beta accept->result 3600s
  PASS  beta net of blocked 3000s
  PASS  beta 1 question
  PASS  beta 3 rejections (coalesced)
  PASS  beta 3 worker rejections
  PASS  beta 1 reassignment
  PASS  gamma shape=retired
  PASS  gamma has no accept duration
  PASS  epsilon measured (closed by task.failed)
  PASS  epsilon final_status=failed
  PASS  epsilon not listed as open
  PASS  epsilon post-result block = 500s
  PASS  epsilon net <= gross
  PASS  zeta measured once
  PASS  zeta closed at the second close
  PASS  zeta final_status=done
  PASS  zeta 3599s renders as 1h0m
  PASS  no impossible clock strings
  PASS  unattributed probe surfaced
  PASS  pipe in a task id is escaped
  PASS  no unescaped pipe in probe row
  PASS  tasks.md regeneration is byte-identical
  PASS  tasks.csv regeneration is byte-identical
  PASS  artifact records its head seq
  PASS  --upto head reproduces the artifact
  PASS  --upto before beta close drops beta
  PASS  --upto before beta close keeps alpha
  PASS  --upto never commits the rewound artifact
  PASS  --upto says why it did not commit
  PASS  --upto does NOT advise committing it
  PASS  --upto names the restore command
  PASS  --upto never leaks the seq into prose
  PASS  unreachable/empty run refused
  PASS  --upto below the first seq refused
  PASS  refused --upto left the artifact intact

metrics drill: hive-score
  PASS  calibration.md written
  PASS  alpha entry recorded
  PASS  alpha predicted effort quoted
  PASS  alpha actual effort scored
  PASS  alpha effort verdict = hit
  PASS  alpha questions verdict = hit
  PASS  alpha review left unscored
  PASS  alpha coverage full
  PASS  the score was committed
  PASS  the score reached the upstream
  PASS  scoring left the workspace clean
  PASS  the score commit touched only the metrics dir
  PASS  --no-commit appends but does not commit
  PASS  --no-commit adds no commit
  PASS  re-scoring refused
  PASS  --again re-scores
  PASS  epsilon effort verdict = over
  PASS  epsilon scorable (task.failed closed it)
  PASS  zeta effort verdict = under
  PASS  zeta questions verdict = under
  PASS  zeta predicted range quoted
  PASS  beta recorded as partial
  PASS  beta effort prediction quoted
  PASS  beta absent fields marked
  PASS  beta absent field unpredicted
  PASS  beta partial names the missed fields
  PASS  gamma recorded as unpredicted
  PASS  gamma effort unpredicted
  PASS  gamma: absent section named as absent
  PASS  eta: present-but-unparsed named as such
  PASS  theta: declared-unpredicted named as such
  PASS  absent and unparsed do not read alike
  PASS  unparsed and declared do not read alike
  PASS  eta's order really has a Predictions section
  PASS  eta's order really is the D1 dialect
  PASS  the effort regex lives only in hive-common.sh
  PASS  hive-launch does not reimplement the parse
  PASS  both callers call the shared function
  PASS  one parser: eta reads unparseable to the gate
  PASS  one parser: and the scorer agrees on eta
  PASS  one parser: gamma reads section-absent to the gate
  PASS  one parser: theta reads declared to the gate
  PASS  one parser: alpha reads fully predicted to the gate
  PASS  one parser: and the scorer agrees on alpha
  PASS  one parser: beta reads partial to the gate
  PASS  --review Rework stores rework
  PASS  --review 'MINOR REWORK' stores 'minor rework'
  PASS  --review clean stores clean
  PASS  --review bogus refused
  PASS  --review near-miss refused
  PASS  --review 'minor' refused
  PASS  a refused --review appended nothing
  PASS  a refused --review left the workspace clean
  PASS  scoring an open task refused
  PASS  un-inferable project refused
  PASS  scoring an unknown task refused
  PASS  ambiguous order refused, not scored as unpredicted
  PASS  traversal in --project refused
  PASS  unknown --project refused
  PASS  no escaped calibration file written
  PASS  run resolved from project.conf, not the name
  PASS  entries cite the conf's run
  PASS  --run overrides the conf
  PASS  project without a conf refused

metrics drill: stop-lines
  PASS  fixture untouched
  PASS  hive-metrics contains no emit
  PASS  hive-score contains no emit
  PASS  neither tool commits to git

metrics drill: commit_metrics on a diverged hub
  PASS  a failed push fails the tool
  PASS  the refusal says the push was refused
  PASS  the refusal names the manual step
  PASS  the refusal says the commit is safe
  PASS  the entry is committed locally
  PASS  the local commit really is new
  PASS  it did not pull the divergent commit
  PASS  it did not rewrite local history
  PASS  the hub is still at the interloper's commit
  PASS  the auto-rebase is gone from the source

metrics drill: PASS=137  FAIL=0  (no events issued; no run touched)
